// Jest Snapshot v1, https://goo.gl/fbAQLP

exports[`FormInputField renders correctly 1`] = `
<View
  style={
    {
      "flexDirection": "row",
      "justifyContent": "space-between",
      "padding": 10,
      "width": "100%",
    }
  }
>
  <View
    style={
      {
        "flexDirection": "column",
        "justifyContent": "center",
      }
    }
  >
    <Text
      style={
        [
          {
            "textAlign": "left",
          },
          {
            "color": "rgba(28, 27, 31, 1)",
            "writingDirection": "ltr",
          },
          [
            {
              "fontFamily": "System",
              "fontSize": 16,
              "fontWeight": "400",
              "letterSpacing": 0.15,
              "lineHeight": 24,
            },
            undefined,
          ],
        ]
      }
    >
      My field
    </Text>
  </View>
  <View
    style={
      [
        {
          "backgroundColor": "rgba(231, 224, 236, 1)",
          "borderTopLeftRadius": 4,
          "borderTopRightRadius": 4,
        },
        {
          "width": 100,
        },
      ]
    }
  >
    <View
      collapsable={false}
      style={
        {
          "backgroundColor": "rgba(28, 27, 31, 1)",
          "bottom": 0,
          "height": 1,
          "left": 0,
          "position": "absolute",
          "right": 0,
          "transform": [
            {
              "scaleY": 0.5,
            },
          ],
          "zIndex": 1,
        }
      }
      testID="text-input-underline"
    />
    <View
      style={
        [
          {
            "paddingBottom": 0,
            "paddingTop": 0,
          },
          {
            "minHeight": 30,
          },
        ]
      }
    >
      <TextInput
        cursorColor="rgba(103, 80, 164, 1)"
        defaultValue=""
        editable={true}
        id="form-input-field"
        maxFontSizeMultiplier={1.5}
        multiline={false}
        onBlur={[Function]}
        onChangeText={[Function]}
        onFocus={[Function]}
        placeholder="foobar"
        placeholderTextColor="rgba(73, 69, 79, 1)"
        selectionColor="rgba(103, 80, 164, 1)"
        style={
          [
            {
              "margin": 0,
            },
            {
              "height": 30,
            },
            {
              "paddingBottom": 0,
              "paddingTop": 0,
            },
            {
              "color": "rgba(73, 69, 79, 1)",
              "fontFamily": "System",
              "fontSize": 16,
              "fontWeight": undefined,
              "letterSpacing": 0.15,
              "lineHeight": undefined,
              "paddingLeft": 16,
              "paddingRight": 16,
              "textAlign": "right",
              "textAlignVertical": "center",
            },
            false,
            [
              {},
            ],
            undefined,
          ]
        }
        testID="text-input-flat"
        underlineColorAndroid="transparent"
        value=""
      />
    </View>
  </View>
</View>
`;
