// Jest Snapshot v1, https://goo.gl/fbAQLP

exports[`WorkoutFinish renders correctly 1`] = `
<View>
  <View
    style={
      [
        {
          "backgroundColor": "rgba(255, 251, 254, 1)",
          "elevation": 0,
          "paddingHorizontal": 0,
          "paddingTop": 15,
          "zIndex": 0,
        },
        {},
        {},
      ]
    }
    testID="appbar-header-root-layer"
  >
    <View
      collapsable={false}
      style={
        {
          "backgroundColor": "rgba(255, 251, 254, 1)",
          "height": 64,
          "shadowColor": "#000",
          "shadowOffset": {
            "height": 0,
            "width": 0,
          },
          "shadowOpacity": 0,
          "shadowRadius": 0,
        }
      }
      testID="appbar-header-outer-layer"
    >
      <View
        collapsable={false}
        style={
          {
            "alignItems": "center",
            "backgroundColor": "rgba(255, 251, 254, 1)",
            "flex": 1,
            "flexDirection": "row",
            "paddingBottom": undefined,
            "paddingHorizontal": 4,
            "paddingLeft": undefined,
            "paddingRight": undefined,
            "paddingTop": undefined,
            "shadowColor": "#000",
            "shadowOffset": {
              "height": 0,
              "width": 0,
            },
            "shadowOpacity": 0,
            "shadowRadius": 0,
          }
        }
        testID="appbar-header"
      >
        <View
          collapsable={false}
          style={
            {
              "backgroundColor": "transparent",
              "borderRadius": 20,
              "height": 40,
              "margin": 6,
              "shadowColor": "#000",
              "shadowOffset": {
                "height": 0,
                "width": 0,
              },
              "shadowOpacity": 0,
              "shadowRadius": 0,
              "width": 40,
            }
          }
          testID="icon-button-container-outer-layer"
        >
          <View
            collapsable={false}
            style={
              {
                "backgroundColor": "transparent",
                "borderColor": "rgba(121, 116, 126, 1)",
                "borderRadius": 20,
                "borderWidth": 0,
                "elevation": 0,
                "flex": 1,
                "overflow": "hidden",
                "shadowColor": "#000",
                "shadowOffset": {
                  "height": 0,
                  "width": 0,
                },
                "shadowOpacity": 0,
                "shadowRadius": 0,
              }
            }
            testID="icon-button-container"
          >
            <View
              accessibilityComponentType="button"
              accessibilityRole="button"
              accessibilityState={
                {
                  "busy": undefined,
                  "checked": undefined,
                  "disabled": false,
                  "expanded": undefined,
                  "selected": undefined,
                }
              }
              accessibilityTraits="button"
              accessibilityValue={
                {
                  "max": undefined,
                  "min": undefined,
                  "now": undefined,
                  "text": undefined,
                }
              }
              accessible={true}
              centered={true}
              collapsable={false}
              focusable={true}
              hitSlop={
                {
                  "bottom": 6,
                  "left": 6,
                  "right": 6,
                  "top": 6,
                }
              }
              onBlur={[Function]}
              onClick={[Function]}
              onFocus={[Function]}
              onResponderGrant={[Function]}
              onResponderMove={[Function]}
              onResponderRelease={[Function]}
              onResponderTerminate={[Function]}
              onResponderTerminationRequest={[Function]}
              onStartShouldSetResponder={[Function]}
              style={
                [
                  {
                    "overflow": "hidden",
                  },
                  [
                    {
                      "alignItems": "center",
                      "flexGrow": 1,
                      "justifyContent": "center",
                    },
                    {
                      "borderRadius": 20,
                    },
                  ],
                ]
              }
              testID="icon-button"
            >
              <View
                style={
                  [
                    {
                      "alignItems": "center",
                      "justifyContent": "center",
                    },
                    {
                      "height": 24,
                      "width": 24,
                    },
                  ]
                }
              >
                <View
                  collapsable={false}
                  style={
                    {
                      "bottom": 0,
                      "left": 0,
                      "opacity": 1,
                      "position": "absolute",
                      "right": 0,
                      "top": 0,
                      "transform": [
                        {
                          "rotate": "0deg",
                        },
                      ],
                    }
                  }
                  testID="cross-fade-icon-current"
                >
                  <Text />
                </View>
              </View>
            </View>
          </View>
        </View>
      </View>
    </View>
  </View>
  <View
    style={
      {
        "alignItems": "center",
        "marginTop": 15,
      }
    }
  >
    <Text
      style={
        [
          {
            "textAlign": "left",
          },
          {
            "color": "rgba(28, 27, 31, 1)",
            "writingDirection": "ltr",
          },
          [
            {
              "fontFamily": "System",
              "fontSize": 24,
              "fontWeight": "400",
              "letterSpacing": 0,
              "lineHeight": 32,
            },
            {
              "fontWeight": "bold",
              "textAlign": "center",
            },
          ],
        ]
      }
    >
      Rowing (Machine) workout complete!
    </Text>
    <View
      color="green"
      style={
        [
          {
            "backgroundColor": "rgba(103, 80, 164, 1)",
            "borderRadius": 40,
            "height": 80,
            "width": 80,
          },
          {
            "alignItems": "center",
            "justifyContent": "center",
          },
          {
            "marginTop": 5,
          },
        ]
      }
    >
      <Text />
    </View>
  </View>
</View>
`;
