// Jest Snapshot v1, https://goo.gl/fbAQLP

exports[`ExerciseForm renders correctly 1`] = `
[
  <Text
    style={
      [
        {
          "textAlign": "left",
        },
        {
          "color": "rgba(28, 27, 31, 1)",
          "writingDirection": "ltr",
        },
        [
          {
            "fontFamily": "System",
            "fontSize": 16,
            "fontWeight": "500",
            "letterSpacing": 0.15,
            "lineHeight": 24,
          },
          {
            "color": "deepskyblue",
            "fontWeight": "bold",
            "marginVertical": 10,
          },
        ],
      ]
    }
  >
    Test Exercise
  </Text>,
  <View
    style={
      {
        "backgroundColor": "gray",
        "padding": 5,
      }
    }
  >
    <Text
      style={
        [
          {
            "textAlign": "left",
          },
          {
            "color": "rgba(28, 27, 31, 1)",
            "writingDirection": "ltr",
          },
          [
            {
              "fontFamily": "System",
              "fontSize": 14,
              "fontWeight": "400",
              "letterSpacing": 0.25,
              "lineHeight": 20,
            },
            {
              "color": "black",
            },
          ],
        ]
      }
    />
  </View>,
  <View
    style={
      {
        "flexDirection": "row",
        "justifyContent": "space-between",
        "padding": 10,
        "width": "100%",
      }
    }
  >
    <View
      style={
        {
          "flexDirection": "column",
          "justifyContent": "center",
        }
      }
    >
      <Text
        style={
          [
            {
              "textAlign": "left",
            },
            {
              "color": "rgba(28, 27, 31, 1)",
              "writingDirection": "ltr",
            },
            [
              {
                "fontFamily": "System",
                "fontSize": 14,
                "fontWeight": "400",
                "letterSpacing": 0.25,
                "lineHeight": 20,
              },
              {
                "color": "gray",
                "fontWeight": "bold",
                "width": 90,
              },
            ],
          ]
        }
      >
        Set
      </Text>
    </View>
    <View
      style={
        {
          "flexDirection": "row",
        }
      }
    >
      <Text
        style={
          [
            {
              "textAlign": "left",
            },
            {
              "color": "rgba(28, 27, 31, 1)",
              "writingDirection": "ltr",
            },
            [
              {
                "fontFamily": "System",
                "fontSize": 14,
                "fontWeight": "400",
                "letterSpacing": 0.25,
                "lineHeight": 20,
              },
              {
                "color": "gray",
                "fontWeight": "bold",
                "width": 90,
              },
            ],
          ]
        }
      >
        lb
      </Text>
      <Text
        style={
          [
            {
              "textAlign": "left",
            },
            {
              "color": "rgba(28, 27, 31, 1)",
              "writingDirection": "ltr",
            },
            [
              {
                "fontFamily": "System",
                "fontSize": 14,
                "fontWeight": "400",
                "letterSpacing": 0.25,
                "lineHeight": 20,
              },
              {
                "color": "gray",
                "fontWeight": "bold",
                "width": 90,
              },
            ],
          ]
        }
      >
        reps
      </Text>
    </View>
  </View>,
  <View
    style={
      {
        "width": "100%",
      }
    }
  >
    <View
      style={
        [
          {
            "backgroundColor": "rgba(202, 196, 208, 1)",
            "height": 0.5,
          },
          undefined,
          false,
          false,
          undefined,
        ]
      }
    />
    <View
      style={
        {
          "flexDirection": "row",
          "justifyContent": "space-between",
          "padding": 10,
          "width": "100%",
        }
      }
    >
      <View
        style={
          {
            "flexDirection": "column",
            "justifyContent": "center",
          }
        }
      >
        <View
          collapsable={false}
          style={
            {
              "backgroundColor": "rgba(232, 222, 248, 1)",
              "borderRadius": 8,
              "shadowColor": "#000",
              "shadowOffset": {
                "height": 0,
                "width": 0,
              },
              "shadowOpacity": 0,
              "shadowRadius": 0,
            }
          }
          testID="chip-container-outer-layer"
        >
          <View
            collapsable={false}
            style={
              {
                "backgroundColor": "rgba(232, 222, 248, 1)",
                "borderColor": "rgba(121, 116, 126, 1)",
                "borderRadius": 8,
                "borderStyle": "solid",
                "borderWidth": 0,
                "flex": undefined,
                "flexDirection": "column",
                "shadowColor": "#000",
                "shadowOffset": {
                  "height": 0,
                  "width": 0,
                },
                "shadowOpacity": 0,
                "shadowRadius": 0,
              }
            }
            testID="chip-container"
          >
            <View
              accessibilityRole="button"
              accessibilityState={
                {
                  "busy": undefined,
                  "checked": undefined,
                  "disabled": true,
                  "expanded": undefined,
                  "selected": false,
                }
              }
              accessibilityValue={
                {
                  "max": undefined,
                  "min": undefined,
                  "now": undefined,
                  "text": undefined,
                }
              }
              accessible={true}
              collapsable={false}
              focusable={true}
              onBlur={[Function]}
              onClick={[Function]}
              onFocus={[Function]}
              onResponderGrant={[Function]}
              onResponderMove={[Function]}
              onResponderRelease={[Function]}
              onResponderTerminate={[Function]}
              onResponderTerminationRequest={[Function]}
              onStartShouldSetResponder={[Function]}
              style={
                [
                  {
                    "overflow": "hidden",
                  },
                  [
                    {
                      "borderRadius": 8,
                    },
                    {
                      "width": "100%",
                    },
                  ],
                ]
              }
              testID="chip"
            >
              <View
                style={
                  [
                    {
                      "alignItems": "center",
                      "flexDirection": "row",
                      "paddingLeft": 4,
                      "position": "relative",
                    },
                    {
                      "paddingLeft": 0,
                    },
                    {
                      "paddingRight": 0,
                    },
                  ]
                }
              >
                <Text
                  numberOfLines={1}
                  selectable={false}
                  style={
                    [
                      {
                        "textAlign": "left",
                      },
                      {
                        "color": "rgba(28, 27, 31, 1)",
                        "writingDirection": "ltr",
                      },
                      [
                        {
                          "fontFamily": "System",
                          "fontSize": 14,
                          "fontWeight": "500",
                          "letterSpacing": 0.1,
                          "lineHeight": 20,
                        },
                        [
                          {
                            "marginVertical": 6,
                            "textAlignVertical": "center",
                          },
                          {
                            "color": "rgba(29, 25, 43, 1)",
                            "fontFamily": "System",
                            "fontSize": 14,
                            "fontWeight": "500",
                            "letterSpacing": 0.1,
                            "lineHeight": 20,
                          },
                          {
                            "marginLeft": 12,
                            "marginRight": 12,
                          },
                          {
                            "fontSize": 12,
                          },
                        ],
                      ],
                    ]
                  }
                >
                  1
                </Text>
              </View>
            </View>
          </View>
        </View>
      </View>
      <View
        style={
          {
            "flexDirection": "row",
          }
        }
      >
        <View>
          <View
            style={
              {
                "marginRight": 15,
                "width": 75,
              }
            }
          >
            <View
              pointerEvents="none"
              style={
                [
                  {
                    "bottom": 0,
                    "left": 0,
                    "position": "absolute",
                    "right": 0,
                    "top": 6,
                  },
                  {
                    "backgroundColor": "rgba(232, 222, 248, 1)",
                    "borderColor": "transparent",
                    "borderRadius": 4,
                    "borderWidth": 1,
                  },
                  {
                    "borderRadius": 5,
                  },
                ]
              }
              testID="text-input-outline"
            />
            <View>
              <View
                style={
                  [
                    {
                      "paddingBottom": 0,
                    },
                    {
                      "minHeight": 30,
                      "paddingTop": 8,
                    },
                  ]
                }
              >
                <TextInput
                  cursorColor="transparent"
                  defaultValue=""
                  editable={true}
                  maxFontSizeMultiplier={1.5}
                  multiline={false}
                  onBlur={[Function]}
                  onChangeText={[Function]}
                  onFocus={[Function]}
                  placeholder=""
                  placeholderTextColor="rgba(73, 69, 79, 1)"
                  selectionColor="transparent"
                  style={
                    [
                      {
                        "margin": 0,
                        "zIndex": 1,
                      },
                      {
                        "height": 30,
                      },
                      {
                        "paddingBottom": 7,
                        "paddingTop": 7,
                      },
                      {
                        "color": "rgba(28, 27, 31, 1)",
                        "fontFamily": "System",
                        "fontSize": 16,
                        "fontWeight": undefined,
                        "letterSpacing": 0.15,
                        "lineHeight": undefined,
                        "paddingHorizontal": 16,
                        "textAlign": "right",
                        "textAlignVertical": "center",
                      },
                      false,
                      [
                        {},
                      ],
                      {
                        "fontSize": 12,
                        "fontWeight": "bold",
                        "textAlign": "center",
                      },
                    ]
                  }
                  testID="text-input-outlined"
                  underlineColorAndroid="transparent"
                  value=""
                />
              </View>
            </View>
          </View>
        </View>
        <View>
          <View
            style={
              {
                "marginRight": 15,
                "width": 75,
              }
            }
          >
            <View
              pointerEvents="none"
              style={
                [
                  {
                    "bottom": 0,
                    "left": 0,
                    "position": "absolute",
                    "right": 0,
                    "top": 6,
                  },
                  {
                    "backgroundColor": "rgba(232, 222, 248, 1)",
                    "borderColor": "transparent",
                    "borderRadius": 4,
                    "borderWidth": 1,
                  },
                  {
                    "borderRadius": 5,
                  },
                ]
              }
              testID="text-input-outline"
            />
            <View>
              <View
                style={
                  [
                    {
                      "paddingBottom": 0,
                    },
                    {
                      "minHeight": 30,
                      "paddingTop": 8,
                    },
                  ]
                }
              >
                <TextInput
                  cursorColor="transparent"
                  defaultValue=""
                  editable={true}
                  maxFontSizeMultiplier={1.5}
                  multiline={false}
                  onBlur={[Function]}
                  onChangeText={[Function]}
                  onFocus={[Function]}
                  placeholder="13"
                  placeholderTextColor="rgba(73, 69, 79, 1)"
                  selectionColor="transparent"
                  style={
                    [
                      {
                        "margin": 0,
                        "zIndex": 1,
                      },
                      {
                        "height": 30,
                      },
                      {
                        "paddingBottom": 7,
                        "paddingTop": 7,
                      },
                      {
                        "color": "rgba(28, 27, 31, 1)",
                        "fontFamily": "System",
                        "fontSize": 16,
                        "fontWeight": undefined,
                        "letterSpacing": 0.15,
                        "lineHeight": undefined,
                        "paddingHorizontal": 16,
                        "textAlign": "right",
                        "textAlignVertical": "center",
                      },
                      false,
                      [
                        {},
                      ],
                      {
                        "fontSize": 12,
                        "fontWeight": "bold",
                        "textAlign": "center",
                      },
                    ]
                  }
                  testID="text-input-outlined"
                  underlineColorAndroid="transparent"
                  value=""
                />
              </View>
            </View>
          </View>
          <View>
            <View
              style={
                {
                  "backgroundColor": "rgba(255, 251, 254, 1)",
                }
              }
            >
              <View
                accessibilityRole="button"
                accessibilityState={
                  {
                    "busy": undefined,
                    "checked": undefined,
                    "disabled": false,
                    "expanded": false,
                    "selected": undefined,
                  }
                }
                accessibilityValue={
                  {
                    "max": undefined,
                    "min": undefined,
                    "now": undefined,
                    "text": undefined,
                  }
                }
                accessible={true}
                collapsable={false}
                focusable={true}
                onBlur={[Function]}
                onClick={[Function]}
                onFocus={[Function]}
                onResponderGrant={[Function]}
                onResponderMove={[Function]}
                onResponderRelease={[Function]}
                onResponderTerminate={[Function]}
                onResponderTerminationRequest={[Function]}
                onStartShouldSetResponder={[Function]}
                style={
                  [
                    {
                      "overflow": "hidden",
                    },
                    [
                      {
                        "paddingRight": 24,
                        "paddingVertical": 8,
                      },
                      {
                        "marginBottom": -10,
                        "marginLeft": 0,
                        "marginTop": -25,
                      },
                    ],
                  ]
                }
              >
                <View
                  pointerEvents="none"
                  style={
                    {
                      "flexDirection": "row",
                      "marginVertical": 6,
                    }
                  }
                >
                  <View
                    pointerEvents="box-none"
                    style={
                      [
                        {
                          "alignItems": "center",
                          "justifyContent": "center",
                        },
                        {
                          "alignSelf": "center",
                          "marginLeft": 16,
                          "marginRight": 0,
                          "marginVertical": 0,
                        },
                      ]
                    }
                  >
                    <Text />
                  </View>
                  <View
                    style={
                      [
                        {
                          "paddingLeft": 16,
                        },
                        {
                          "flex": 1,
                          "justifyContent": "center",
                        },
                      ]
                    }
                  >
                    <Text
                      numberOfLines={1}
                      selectable={false}
                      style={
                        [
                          {
                            "textAlign": "left",
                          },
                          {
                            "color": "rgba(28, 27, 31, 1)",
                            "fontFamily": "System",
                            "fontWeight": "400",
                            "letterSpacing": 0,
                          },
                          {
                            "writingDirection": "ltr",
                          },
                          [
                            {
                              "fontSize": 16,
                            },
                            {
                              "color": "rgba(28, 27, 31, 1)",
                            },
                            {
                              "fontSize": 12,
                              "marginLeft": -5,
                            },
                          ],
                        ]
                      }
                    >
                      History
                    </Text>
                  </View>
                  <View
                    style={
                      [
                        {
                          "marginVertical": 6,
                          "paddingLeft": 8,
                        },
                        undefined,
                      ]
                    }
                  >
                    <Text />
                  </View>
                </View>
              </View>
            </View>
          </View>
        </View>
      </View>
    </View>
  </View>,
  <View
    style={
      {
        "width": "100%",
      }
    }
  >
    <View
      style={
        [
          {
            "backgroundColor": "rgba(202, 196, 208, 1)",
            "height": 0.5,
          },
          undefined,
          false,
          false,
          undefined,
        ]
      }
    />
    <View
      style={
        {
          "flexDirection": "row",
          "justifyContent": "space-between",
          "padding": 10,
          "width": "100%",
        }
      }
    >
      <View
        style={
          {
            "flexDirection": "column",
            "justifyContent": "center",
          }
        }
      >
        <View
          collapsable={false}
          style={
            {
              "backgroundColor": "rgba(232, 222, 248, 1)",
              "borderRadius": 8,
              "shadowColor": "#000",
              "shadowOffset": {
                "height": 0,
                "width": 0,
              },
              "shadowOpacity": 0,
              "shadowRadius": 0,
            }
          }
          testID="chip-container-outer-layer"
        >
          <View
            collapsable={false}
            style={
              {
                "backgroundColor": "rgba(232, 222, 248, 1)",
                "borderColor": "rgba(121, 116, 126, 1)",
                "borderRadius": 8,
                "borderStyle": "solid",
                "borderWidth": 0,
                "flex": undefined,
                "flexDirection": "column",
                "shadowColor": "#000",
                "shadowOffset": {
                  "height": 0,
                  "width": 0,
                },
                "shadowOpacity": 0,
                "shadowRadius": 0,
              }
            }
            testID="chip-container"
          >
            <View
              accessibilityRole="button"
              accessibilityState={
                {
                  "busy": undefined,
                  "checked": undefined,
                  "disabled": true,
                  "expanded": undefined,
                  "selected": false,
                }
              }
              accessibilityValue={
                {
                  "max": undefined,
                  "min": undefined,
                  "now": undefined,
                  "text": undefined,
                }
              }
              accessible={true}
              collapsable={false}
              focusable={true}
              onBlur={[Function]}
              onClick={[Function]}
              onFocus={[Function]}
              onResponderGrant={[Function]}
              onResponderMove={[Function]}
              onResponderRelease={[Function]}
              onResponderTerminate={[Function]}
              onResponderTerminationRequest={[Function]}
              onStartShouldSetResponder={[Function]}
              style={
                [
                  {
                    "overflow": "hidden",
                  },
                  [
                    {
                      "borderRadius": 8,
                    },
                    {
                      "width": "100%",
                    },
                  ],
                ]
              }
              testID="chip"
            >
              <View
                style={
                  [
                    {
                      "alignItems": "center",
                      "flexDirection": "row",
                      "paddingLeft": 4,
                      "position": "relative",
                    },
                    {
                      "paddingLeft": 0,
                    },
                    {
                      "paddingRight": 0,
                    },
                  ]
                }
              >
                <Text
                  numberOfLines={1}
                  selectable={false}
                  style={
                    [
                      {
                        "textAlign": "left",
                      },
                      {
                        "color": "rgba(28, 27, 31, 1)",
                        "writingDirection": "ltr",
                      },
                      [
                        {
                          "fontFamily": "System",
                          "fontSize": 14,
                          "fontWeight": "500",
                          "letterSpacing": 0.1,
                          "lineHeight": 20,
                        },
                        [
                          {
                            "marginVertical": 6,
                            "textAlignVertical": "center",
                          },
                          {
                            "color": "rgba(29, 25, 43, 1)",
                            "fontFamily": "System",
                            "fontSize": 14,
                            "fontWeight": "500",
                            "letterSpacing": 0.1,
                            "lineHeight": 20,
                          },
                          {
                            "marginLeft": 12,
                            "marginRight": 12,
                          },
                          {
                            "fontSize": 12,
                          },
                        ],
                      ],
                    ]
                  }
                >
                  2
                </Text>
              </View>
            </View>
          </View>
        </View>
      </View>
      <View
        style={
          {
            "flexDirection": "row",
          }
        }
      >
        <View>
          <View
            style={
              {
                "marginRight": 15,
                "width": 75,
              }
            }
          >
            <View
              pointerEvents="none"
              style={
                [
                  {
                    "bottom": 0,
                    "left": 0,
                    "position": "absolute",
                    "right": 0,
                    "top": 6,
                  },
                  {
                    "backgroundColor": "rgba(232, 222, 248, 1)",
                    "borderColor": "transparent",
                    "borderRadius": 4,
                    "borderWidth": 1,
                  },
                  {
                    "borderRadius": 5,
                  },
                ]
              }
              testID="text-input-outline"
            />
            <View>
              <View
                style={
                  [
                    {
                      "paddingBottom": 0,
                    },
                    {
                      "minHeight": 30,
                      "paddingTop": 8,
                    },
                  ]
                }
              >
                <TextInput
                  cursorColor="transparent"
                  defaultValue=""
                  editable={true}
                  maxFontSizeMultiplier={1.5}
                  multiline={false}
                  onBlur={[Function]}
                  onChangeText={[Function]}
                  onFocus={[Function]}
                  placeholder=""
                  placeholderTextColor="rgba(73, 69, 79, 1)"
                  selectionColor="transparent"
                  style={
                    [
                      {
                        "margin": 0,
                        "zIndex": 1,
                      },
                      {
                        "height": 30,
                      },
                      {
                        "paddingBottom": 7,
                        "paddingTop": 7,
                      },
                      {
                        "color": "rgba(28, 27, 31, 1)",
                        "fontFamily": "System",
                        "fontSize": 16,
                        "fontWeight": undefined,
                        "letterSpacing": 0.15,
                        "lineHeight": undefined,
                        "paddingHorizontal": 16,
                        "textAlign": "right",
                        "textAlignVertical": "center",
                      },
                      false,
                      [
                        {},
                      ],
                      {
                        "fontSize": 12,
                        "fontWeight": "bold",
                        "textAlign": "center",
                      },
                    ]
                  }
                  testID="text-input-outlined"
                  underlineColorAndroid="transparent"
                  value=""
                />
              </View>
            </View>
          </View>
        </View>
        <View>
          <View
            style={
              {
                "marginRight": 15,
                "width": 75,
              }
            }
          >
            <View
              pointerEvents="none"
              style={
                [
                  {
                    "bottom": 0,
                    "left": 0,
                    "position": "absolute",
                    "right": 0,
                    "top": 6,
                  },
                  {
                    "backgroundColor": "rgba(232, 222, 248, 1)",
                    "borderColor": "transparent",
                    "borderRadius": 4,
                    "borderWidth": 1,
                  },
                  {
                    "borderRadius": 5,
                  },
                ]
              }
              testID="text-input-outline"
            />
            <View>
              <View
                style={
                  [
                    {
                      "paddingBottom": 0,
                    },
                    {
                      "minHeight": 30,
                      "paddingTop": 8,
                    },
                  ]
                }
              >
                <TextInput
                  cursorColor="transparent"
                  defaultValue=""
                  editable={true}
                  maxFontSizeMultiplier={1.5}
                  multiline={false}
                  onBlur={[Function]}
                  onChangeText={[Function]}
                  onFocus={[Function]}
                  placeholder="13"
                  placeholderTextColor="rgba(73, 69, 79, 1)"
                  selectionColor="transparent"
                  style={
                    [
                      {
                        "margin": 0,
                        "zIndex": 1,
                      },
                      {
                        "height": 30,
                      },
                      {
                        "paddingBottom": 7,
                        "paddingTop": 7,
                      },
                      {
                        "color": "rgba(28, 27, 31, 1)",
                        "fontFamily": "System",
                        "fontSize": 16,
                        "fontWeight": undefined,
                        "letterSpacing": 0.15,
                        "lineHeight": undefined,
                        "paddingHorizontal": 16,
                        "textAlign": "right",
                        "textAlignVertical": "center",
                      },
                      false,
                      [
                        {},
                      ],
                      {
                        "fontSize": 12,
                        "fontWeight": "bold",
                        "textAlign": "center",
                      },
                    ]
                  }
                  testID="text-input-outlined"
                  underlineColorAndroid="transparent"
                  value=""
                />
              </View>
            </View>
          </View>
          <View>
            <View
              style={
                {
                  "backgroundColor": "rgba(255, 251, 254, 1)",
                }
              }
            >
              <View
                accessibilityRole="button"
                accessibilityState={
                  {
                    "busy": undefined,
                    "checked": undefined,
                    "disabled": false,
                    "expanded": false,
                    "selected": undefined,
                  }
                }
                accessibilityValue={
                  {
                    "max": undefined,
                    "min": undefined,
                    "now": undefined,
                    "text": undefined,
                  }
                }
                accessible={true}
                collapsable={false}
                focusable={true}
                onBlur={[Function]}
                onClick={[Function]}
                onFocus={[Function]}
                onResponderGrant={[Function]}
                onResponderMove={[Function]}
                onResponderRelease={[Function]}
                onResponderTerminate={[Function]}
                onResponderTerminationRequest={[Function]}
                onStartShouldSetResponder={[Function]}
                style={
                  [
                    {
                      "overflow": "hidden",
                    },
                    [
                      {
                        "paddingRight": 24,
                        "paddingVertical": 8,
                      },
                      {
                        "marginBottom": -10,
                        "marginLeft": 0,
                        "marginTop": -25,
                      },
                    ],
                  ]
                }
              >
                <View
                  pointerEvents="none"
                  style={
                    {
                      "flexDirection": "row",
                      "marginVertical": 6,
                    }
                  }
                >
                  <View
                    pointerEvents="box-none"
                    style={
                      [
                        {
                          "alignItems": "center",
                          "justifyContent": "center",
                        },
                        {
                          "alignSelf": "center",
                          "marginLeft": 16,
                          "marginRight": 0,
                          "marginVertical": 0,
                        },
                      ]
                    }
                  >
                    <Text />
                  </View>
                  <View
                    style={
                      [
                        {
                          "paddingLeft": 16,
                        },
                        {
                          "flex": 1,
                          "justifyContent": "center",
                        },
                      ]
                    }
                  >
                    <Text
                      numberOfLines={1}
                      selectable={false}
                      style={
                        [
                          {
                            "textAlign": "left",
                          },
                          {
                            "color": "rgba(28, 27, 31, 1)",
                            "fontFamily": "System",
                            "fontWeight": "400",
                            "letterSpacing": 0,
                          },
                          {
                            "writingDirection": "ltr",
                          },
                          [
                            {
                              "fontSize": 16,
                            },
                            {
                              "color": "rgba(28, 27, 31, 1)",
                            },
                            {
                              "fontSize": 12,
                              "marginLeft": -5,
                            },
                          ],
                        ]
                      }
                    >
                      History
                    </Text>
                  </View>
                  <View
                    style={
                      [
                        {
                          "marginVertical": 6,
                          "paddingLeft": 8,
                        },
                        undefined,
                      ]
                    }
                  >
                    <Text />
                  </View>
                </View>
              </View>
            </View>
          </View>
        </View>
      </View>
    </View>
  </View>,
]
`;
